// Jest Snapshot v1, https://goo.gl/fbAQLP

exports[`renders with correct styles 1`] = `
<div
  className="App"
>
  <p
    className="App-intro"
  >
    To get started, edit 
    <code>
      src/App.tsx
    </code>
     and save to reload.
  </p>
  <div
    className="css-14svo58"
  >
     This is a primary alert it out! 
  </div>
</div>
`;
